[
  {
    "id": 1,
    "title": "test1",
    "description": ""
  },
  {
    "id": 2,
    "title": "test2",
    "description": "テスト用"
  }
]
